ESP-ROM:esp32p4-eco2-20240710
Build:Jul 10 2024
rst:0x1 (POWERON),boot:0x10f (SPI_FAST_FLASH_BOOT)
SPI mode:DIO, clock div:1
load:0x30100000,len:0x4c
load:0x3010004c,len:0x3c
load:0x4ff00000,len:0x4940
load:0x4ff04980,len:0x1918
SHA-256 comparison failed:
Calculated: 2919f67a0fd747edd1c42e4e06813602a9f4e58781feb0fc7e93970afe14ab30
Expected: 00000000f07c0000000000000000000000000000000000000000000000000000
Attempting to boot anyway...
entry 0x4ff04506
V1: watchdogs disabled
B0
B1
B2
B3
tcm: lma 0x00002020 vma 0x30100000 len 0x4c     (76)
tcm: lma 0x00002074 vma 0x3010004c len 0x3c     (60)
dram: lma 0x000020b8 vma 0x4ff00000 len 0x4940   (18752)
dram: lma 0x00006a00 vma 0x4ff04980 len 0x1918   (6424)
padd: lma 0x00008328 vma 0x00000000 len 0x7cf0   (31984)
imap: lma 0x00010020 vma 0x400d0020 len 0x220d3c (2231612)
padd: lma 0x00230d64 vma 0x00000000 len 0xf294   (62100)
imap: lma 0x00240000 vma 0x40000000 len 0xc3150  (799056)
total segments stored 8
pmu_pvt(warn): blk_version is less than 2, pvt auto dbias init not supported in efuse.pmu_pvt(dbg): blk_version is less than 2, pvt function not supported in efuse.I (42) hex_psram: vendor id    : 0x0d (AP)
I (44) hex_psram: Latency      : 0x01 (Fixed)
I (48) hex_psram: DriveStr.    : 0x00 (25 Ohm)
I (52) hex_psram: dev id       : 0x03 (generation 4)
I (57) hex_psram: density      : 0x07 (256 Mbit)
I (61) hex_psram: good-die     : 0x06 (Pass)
I (65) hex_psram: SRF          : 0x02 (Slow Refresh)
I (70) hex_psram: BurstType    : 0x00 ( Wrap)
I (74) hex_psram: BurstLen     : 0x03 (2048 Byte)
I (78) hex_psram: BitMode      : 0x01 (X16 Mode)
I (83) hex_psram: Readlatency  : 0x02 (10 cycles@Fixed)
I (88) hex_psram: DriveStrength: 0x00 (1/1)
I (92) MSPI Timing: Enter psram timing tuning
I (269) esp_psram: Found 32MB PWARNING: NuttX supports ESP32-P4 chip revision > v3.0 (chip revision is v1.0).
Ignoring this error and continuing because `CONFIG_ESP32P4_SELECTS_REV_LESS_V3` is set...
THIS MAY NOT WORK! DON'T USE THIS CHIP IN PRODUCTION!
ABCDI (282) cpu_start: Pro cpu start user code
I (284) cpu_start: cpu freq: 90000000 Hz
I (288) esp_psram: Adding pool of 32768K of PSRAM memory to heap allocator
SC2336: stream register=0x01
Camera: first RGB565 frame OK, 1228800 bytes, range=0..248, fnv1a=0xe377b030
Camera: SC2336 1024x600 RGB565 via ISP registered at /dev/video0

NuttShell (NSH)
nsh> [Kps
  TID   PID  PPID PRI POLICY   TYPE    NPX STATE    EVENT     SIGMASK             STACK COMMAND
    0     0     0   0 FIFO     Kthread   - Ready              0000000000000000  0002016 Idle_Task
    1     0     0 100 RR       Kthread   - Waiting  Semaphore 0000000000000000  0001960 lpwork 0x4ff04c30 0x4ff04c80
    3     0     0 252 RR       Kthread   - Waiting  Semaphore 0000000000000000  0004016 esp_timer 0x4ff0f100
    4     0     0  15 RR       Kthread   - Waiting  Semaphore 0000000000000000  0004032 emac_rx 0x4ff20b50
    5     5     0 100 RR       Task      - Ready              0000000000000000  0032696 desktop_main
    6     6     0 100 RR       Task      - Running            0000000000000000  0004048 nsh
    7     6     0  80 RR       pthread   - Ready              0000000000000000  0004064 netinit 0x400a0c22 0
nsh> [K
