free
      total       used       free    maxused    maxfree  nused  nfree name
     131064      85064      46000      88384      44208    135     23 Kmem
   33779544    3792256   30024856    4520600   29867904   1005     11 Umem
nsh> 
nsh> desktop camera
desktop: camera diagnostic requested
nsh> 
nsh> desktop: launching camera diagnostic
CSI: HAL ready, 1024x600 RAW8 to RGB565, direct USERPTR capture
SC2336: stream register=0x01
[qpk] camera USERPTR stream started, framebuffer zero-copy
[qpk] camera direct preview ready
[qpk] started 相机 (com.openvela.camera.preview 1.0.0) with QuickJS
[qpk] camera first frame displayed: 1228800 bytes
[qpk] camera preview fps: 30.0 captured=31 dropped=0
[qpk] camera stages: capture=30.3 fps dq=0 us invalidate=0 us copy=0 us clean=0 us qbuf=0 us converted=60/60
[qpk] camera stages: capture=30.1 fps dq=0 us invalidate=0 us copy=0 us clean=0 us qbuf=0 us converted=60/60
desktop camera-stop
desktop: camera diagnostic stop requested
nsh> 
nsh> desktop: stopping camera diagnostic
desktop camera
desktop: camera diagnostic requested
nsh> 
nsh> desktop: launching camera diagnostic
CSI: HAL ready, 1024x600 RAW8 to RGB565, direct USERPTR capture
SC2336: stream register=0x01
[qpk] camera USERPTR stream started, framebuffer zero-copy
[qpk] camera direct preview ready
[qpk] started 相机 (com.openvela.camera.preview 1.0.0) with QuickJS
[qpk] camera first frame displayed: 1228800 bytes
[qpk] camera preview fps: 29.7 captured=31 dropped=0
[qpk] camera stages: capture=30.3 fps dq=0 us invalidate=0 us copy=0 us clean=0 us qbuf=0 us converted=60/60
[qpk] camera stages: capture=30.1 fps dq=0 us invalidate=0 us copy=0 us clean=0 us qbuf=0 us converted=60/60
desktop camera-stop
desktop: camera diagnostic stop requested
nsh> 
nsh> desktop: stopping camera diagnostic
desktop camera
desktop: camera diagnostic requested
nsh> 
nsh> desktop: launching camera diagnostic
CSI: HAL ready, 1024x600 RAW8 to RGB565, direct USERPTR capture
SC2336: stream register=0x01
[qpk] camera USERPTR stream started, framebuffer zero-copy
[qpk] camera direct preview ready
[qpk] started 相机 (com.openvela.camera.preview 1.0.0) with QuickJS
[qpk] camera first frame displayed: 1228800 bytes
[qpk] camera preview fps: 30.3 captured=31 dropped=0
[qpk] camera stages: capture=30.4 fps dq=0 us invalidate=0 us copy=0 us clean=0 us qbuf=0 us converted=60/60
[qpk] camera stages: capture=29.8 fps dq=0 us invalidate=0 us copy=0 us clean=0 us qbuf=0 us converted=60/60
desktop camera-stop
desktop: camera diagnostic stop requested
nsh> 
nsh> desktop: stopping camera diagnostic
desktop camera
desktop: camera diagnostic requested
nsh> 
nsh> desktop: launching camera diagnostic
CSI: HAL ready, 1024x600 RAW8 to RGB565, direct USERPTR capture
SC2336: stream register=0x01
[qpk] camera USERPTR stream started, framebuffer zero-copy
[qpk] camera direct preview ready
[qpk] started 相机 (com.openvela.camera.preview 1.0.0) with QuickJS
[qpk] camera first frame displayed: 1228800 bytes
[qpk] camera preview fps: 29.7 captured=31 dropped=0
[qpk] camera stages: capture=30.4 fps dq=0 us invalidate=0 us copy=0 us clean=0 us qbuf=0 us converted=60/60
[qpk] camera stages: capture=29.8 fps dq=0 us invalidate=0 us copy=0 us clean=0 us qbuf=0 us converted=60/60
desktop camera-stop
desktop: camera diagnostic stop requested
nsh> 
nsh> desktop: stopping camera diagnostic
desktop camera
desktop: camera diagnostic requested
nsh> 
nsh> desktop: launching camera diagnostic
CSI: HAL ready, 1024x600 RAW8 to RGB565, direct USERPTR capture
SC2336: stream register=0x01
[qpk] camera USERPTR stream started, framebuffer zero-copy
[qpk] camera direct preview ready
[qpk] started 相机 (com.openvela.camera.preview 1.0.0) with QuickJS
[qpk] camera first frame displayed: 1228800 bytes
[qpk] camera preview fps: 30.0 captured=31 dropped=0
[qpk] camera stages: capture=30.4 fps dq=0 us invalidate=0 us copy=0 us clean=0 us qbuf=0 us converted=60/60
[qpk] camera stages: capture=30.0 fps dq=0 us invalidate=0 us copy=0 us clean=0 us qbuf=0 us converted=60/60
desktop camera-stop
desktop: camera diagnostic stop requested
nsh> 
nsh> desktop: stopping camera diagnostic
desktop camera
desktop: camera diagnostic requested
nsh> 
nsh> desktop: launching camera diagnostic
CSI: HAL ready, 1024x600 RAW8 to RGB565, direct USERPTR capture
SC2336: stream register=0x01
[qpk] camera USERPTR stream started, framebuffer zero-copy
[qpk] camera direct preview ready
[qpk] started 相机 (com.openvela.camera.preview 1.0.0) with QuickJS
[qpk] camera first frame displayed: 1228800 bytes
[qpk] camera preview fps: 30.0 captured=31 dropped=0
[qpk] camera stages: capture=30.4 fps dq=0 us invalidate=0 us copy=0 us clean=0 us qbuf=0 us converted=60/60
[qpk] camera stages: capture=30.1 fps dq=0 us invalidate=0 us copy=0 us clean=0 us qbuf=0 us converted=60/60
desktop camera-stop
desktop: camera diagnostic stop requested
nsh> 
nsh> desktop: stopping camera diagnostic
desktop camera
desktop: camera diagnostic requested
nsh> 
nsh> desktop: launching camera diagnostic
CSI: HAL ready, 1024x600 RAW8 to RGB565, direct USERPTR capture
SC2336: stream register=0x01
[qpk] camera USERPTR stream started, framebuffer zero-copy
[qpk] camera direct preview ready
[qpk] started 相机 (com.openvela.camera.preview 1.0.0) with QuickJS
[qpk] camera first frame displayed: 1228800 bytes
[qpk] camera preview fps: 30.0 captured=31 dropped=0
[qpk] camera stages: capture=30.3 fps dq=0 us invalidate=0 us copy=0 us clean=0 us qbuf=0 us converted=60/60
[qpk] camera stages: capture=30.1 fps dq=0 us invalidate=0 us copy=0 us clean=0 us qbuf=0 us converted=60/60
desktop camera-stop
desktop: camera diagnostic stop requested
nsh> 
nsh> desktop: stopping camera diagnostic
desktop camera
desktop: camera diagnostic requested
nsh> 
nsh> desktop: launching camera diagnostic
CSI: HAL ready, 1024x600 RAW8 to RGB565, direct USERPTR capture
SC2336: stream register=0x01
[qpk] camera USERPTR stream started, framebuffer zero-copy
[qpk] camera direct preview ready
[qpk] started 相机 (com.openvela.camera.preview 1.0.0) with QuickJS
[qpk] camera first frame displayed: 1228800 bytes
[qpk] camera preview fps: 30.0 captured=31 dropped=0
[qpk] camera stages: capture=30.6 fps dq=0 us invalidate=0 us copy=0 us clean=0 us qbuf=0 us converted=60/60
[qpk] camera stages: capture=30.0 fps dq=0 us invalidate=0 us copy=0 us clean=0 us qbuf=0 us converted=60/60
desktop camera-stop
desktop: camera diagnostic stop requested
nsh> 
nsh> desktop: stopping camera diagnostic
desktop camera
desktop: camera diagnostic requested
nsh> 
nsh> desktop: launching camera diagnostic
CSI: HAL ready, 1024x600 RAW8 to RGB565, direct USERPTR capture
SC2336: stream register=0x01
[qpk] camera USERPTR stream started, framebuffer zero-copy
[qpk] camera direct preview ready
[qpk] started 相机 (com.openvela.camera.preview 1.0.0) with QuickJS
[qpk] camera first frame displayed: 1228800 bytes
[qpk] camera preview fps: 30.0 captured=31 dropped=0
[qpk] camera stages: capture=30.3 fps dq=0 us invalidate=0 us copy=0 us clean=0 us qbuf=0 us converted=60/60
[qpk] camera stages: capture=30.1 fps dq=0 us invalidate=0 us copy=0 us clean=0 us qbuf=0 us converted=60/60
desktop camera-stop
desktop: camera diagnostic stop requested
nsh> 
nsh> desktop: stopping camera diagnostic
desktop camera
desktop: camera diagnostic requested
nsh> 
nsh> desktop: launching camera diagnostic
CSI: HAL ready, 1024x600 RAW8 to RGB565, direct USERPTR capture
SC2336: stream register=0x01
[qpk] camera USERPTR stream started, framebuffer zero-copy
[qpk] camera direct preview ready
[qpk] started 相机 (com.openvela.camera.preview 1.0.0) with QuickJS
[qpk] camera first frame displayed: 1228800 bytes
[qpk] camera preview fps: 30.0 captured=31 dropped=0
[qpk] camera stages: capture=30.3 fps dq=0 us invalidate=0 us copy=0 us clean=0 us qbuf=0 us converted=60/60
[qpk] camera stages: capture=30.1 fps dq=0 us invalidate=0 us copy=0 us clean=0 us qbuf=0 us converted=60/60
desktop camera-stop
desktop: camera diagnostic stop requested
nsh> 
nsh> desktop: stopping camera diagnostic
free
      total       used       free    maxused    maxfree  nused  nfree name
     131064      86024      45040      92632      44208    156      3 Kmem
   33779544    3791816   30025296    4520600   29867952    984     12 Umem
nsh> 
nsh> xd 0x4ff0884c 8
Hex dump:
0000: 20 64 00 00 00 00 00 00                          d......
nsh> 
nsh> 
