ESP-ROM:esp32p4-eco2-20240710
Build:Jul 10 2024
rst:0x1 (POWERON),boot:0x10f (SPI_FAST_FLASH_BOOT)
SPI mode:DIO, clock div:1
load:0x30100000,len:0x4c
load:0x3010004c,len:0x3c
load:0x4ff00000,len:0x61b0
load:0x4ff06200,len:0x24e4
SHA-256 comparison failed:
Calculated: c12e3a01a8a63764c881035e0ad035cb85323ad6cbc3cf24e14ce7d485378610
Expected: 00000000b0580000000000000000000000000000000000000000000000000000
Attempting to boot anyway...
entry 0x4ff05ce4
V1: watchdogs disabled
pmu_param(dbg): hp_cali_dbias not burnt in efuse, use default.pmu_param(dbg): lp_cali_dbias not burnt in efuse, use default.*** Booting NuttX ***
I (60) boot: chip revision: v1.0
I (61) boot: efuse block revision: v0.1
I (61) boot.esp32p4: SPI Speed      : 80MHz
I (61) boot.esp32p4: SPI Mode       : DIO
I (64) boot.esp32p4: SPI Flash Size : 16MB
I (68) boot: Enabling RNG early entropy source...
tcm: lma 0x00002020 vma 0x30100000 len 0x4c     (76)
tcm: lma 0x00002074 vma 0x3010004c len 0x3c     (60)
dram: lma 0x000020b8 vma 0x4ff00000 len 0x61b0   (25008)
dram: lma 0x00008270 vma 0x4ff06200 len 0x24e4   (9444)
padd: lma 0x0000a768 vma 0x00000000 len 0x58b0   (22704)
imap: lma 0x00010020 vma 0x400d0020 len 0x223914 (2242836)
padd: lma 0x0023393c vma 0x00000000 len 0xc6bc   (50876)
imap: lma 0x00240000 vma 0x40000000 len 0xcd290  (840336)
total segments stored 8
pmu_pvt(warn): blk_version is less than 2, pvt auto dbias init not supported in efuse.pmu_pvt(dbg): blk_version is less than 2, pvt function not supported in efuse.V1: MMU map init
V1: MMU map ready
V1: PSRAM LDO
V1: PSRAM chip init
I (135) hex_psram: vendor id    : 0x0d (AP)
I (138) hex_psram: Latency      : 0x01 (Fixed)
I (143) hex_psram: DriveStr.    : 0x00 (25 Ohm)
I (147) hex_psram: dev id       : 0x03 (generation 4)
I (152) hex_psram: density      : 0x07 (256 Mbit)
I (156) hex_psram: good-die     : 0x06 (Pass)
I (160) hex_psram: SRF          : 0x02 (Slow Refresh)
I (165) hex_psram: BurstType    : 0x00 ( Wrap)
I (169) hex_psram: BurstLen     : 0x03 (2048 Byte)
I (174) hex_psram: BitMode      : 0x01 (X16 Mode)
I (178) hex_psram: Readlatency  : 0x02 (10 cycles@Fixed)
I (183) hex_psram: DriveStrength: 0x00 (1/1)
I (187) MSPI Timing: Enter psram timing tuning
I (365) esp_psram: Found 32MB PSRAM device
I (365) esp_psram: SpeWARNING: NuttX supports ESP32-P4 chip revision > v3.0 (chip revision is v1.0).
Ignoring this error and continuing because `CONFIG_ESP32P4_SELECTS_REV_LESS_V3` is set...
THIS MAY NOT WORK! DON'T USE THIS CHIP IN PRODUCTION!
ABCDI (380) cpu_start: Pro cpu start user code
I (383) cpu_start: cpu freq: 180000000 Hz
I (387) esp_psram: Adding pool of 32768K of PSRAM memory to heap allocator
Camera: SC2336 1024x600 RGB565 registered at /dev/video0

NuttShell (NSH)
nsh> free
      total       used       free    maxused    maxfree  nused  nfree name
     131064      84432      46632      85936      44208    122     28 Kmem
   33779544    3784952   30032160    3789832   29867952    861      5 Umem
nsh> 
nsh> ifconfig
eth0	Link encap:Ethernet HWaddr 60:55:f9:fa:f4:8b at UP mtu 1500
	inet addr:0.0.0.0 DRaddr:10.0.0.1 Mask:255.255.255.0

nsh> 
nsh> xd 0x4ff0884c 8
Hex dump:
0000: 53 02 00 00 00 00 00 00                         S.......
nsh> 
nsh> desktop camera
desktop: camera diagnostic requested
nsh> 
nsh> desktop: launching camera diagnostic
CSI: HAL ready, 1024x600 RAW8 to RGB565, direct USERPTR capture
SC2336: stream register=0x01
[qpk] camera USERPTR stream started, framebuffer zero-copy
[qpk] camera direct preview ready
[qpk] started 相机 (com.openvela.camera.preview 1.0.0) with QuickJS
[qpk] camera first frame displayed: 1228800 bytes
[qpk] camera preview fps: 29.7 captured=31 dropped=0
[qpk] camera stages: capture=30.1 fps dq=0 us invalidate=0 us copy=0 us clean=0 us qbuf=0 us converted=60/60
xd 0x4ff0884c 8
Hex dump:
0000: 3a 03 00 00 00 00 00 00                         :.......
nsh> 
nsh> sleep 60
[qpk] camera stages: capture=30.1 fps dq=0 us invalidate=0 us copy=0 us clean=0 us qbuf=0 us converted=60/60
[qpk] camera stages: capture=30.1 fps dq=0 us invalidate=0 us copy=0 us clean=0 us qbuf=0 us converted=60/60
[qpk] camera stages: capture=29.8 fps dq=0 us invalidate=0 us copy=0 us clean=0 us qbuf=0 us converted=60/60
[qpk] camera stages: capture=30.1 fps dq=0 us invalidate=0 us copy=0 us clean=0 us qbuf=0 us converted=60/60
[qpk] camera health: captured=300 displayed=300 dropped=0 heap_free=29329480 heap_largest=29253488 dqerr=0 qbuferr=0 panerr=0
[qpk] camera stages: capture=29.8 fps dq=0 us invalidate=0 us copy=0 us clean=0 us qbuf=0 us converted=60/60
[qpk] camera stages: capture=30.1 fps dq=0 us invalidate=0 us copy=0 us clean=0 us qbuf=0 us converted=60/60
[qpk] camera stages: capture=29.8 fps dq=0 us invalidate=0 us copy=0 us clean=0 us qbuf=0 us converted=60/60
[qpk] camera stages: capture=30.1 fps dq=0 us invalidate=0 us copy=0 us clean=0 us qbuf=0 us converted=60/60
[qpk] camera stages: capture=29.8 fps dq=0 us invalidate=0 us copy=0 us clean=0 us qbuf=166 us converted=60/60
[qpk] camera health: captured=600 displayed=600 dropped=0 heap_free=29329480 heap_largest=29253488 dqerr=0 qbuferr=0 panerr=0
[qpk] camera stages: capture=30.1 fps dq=0 us invalidate=0 us copy=0 us clean=0 us qbuf=0 us converted=60/60
[qpk] camera stages: capture=29.8 fps dq=0 us invalidate=0 us copy=0 us clean=0 us qbuf=0 us converted=60/60
[qpk] camera stages: capture=30.1 fps dq=0 us invalidate=0 us copy=0 us clean=0 us qbuf=0 us converted=60/60
[qpk] camera stages: capture=30.0 fps dq=0 us invalidate=0 us copy=0 us clean=0 us qbuf=166 us converted=60/60
[qpk] camera stages: capture=30.0 fps dq=0 us invalidate=0 us copy=0 us clean=0 us qbuf=0 us converted=60/60
[qpk] camera health: captured=900 displayed=900 dropped=0 heap_free=29329480 heap_largest=29253488 dqerr=0 qbuferr=0 panerr=0
[qpk] camera stages: capture=30.0 fps dq=0 us invalidate=0 us copy=0 us clean=0 us qbuf=0 us converted=60/60
[qpk] camera stages: capture=30.1 fps dq=0 us invalidate=0 us copy=0 us clean=0 us qbuf=0 us converted=60/60
[qpk] camera stages: capture=29.8 fps dq=0 us invalidate=0 us copy=0 us clean=0 us qbuf=166 us converted=60/60
[qpk] camera stages: capture=30.1 fps dq=0 us invalidate=0 us copy=0 us clean=0 us qbuf=0 us converted=60/60
[qpk] camera stages: capture=29.8 fps dq=0 us invalidate=0 us copy=0 us clean=0 us qbuf=0 us converted=60/60
[qpk] camera health: captured=1200 displayed=1200 dropped=0 heap_free=29329480 heap_largest=29253488 dqerr=0 qbuferr=0 panerr=0
[qpk] camera stages: capture=30.1 fps dq=0 us invalidate=0 us copy=0 us clean=0 us qbuf=0 us converted=60/60
[qpk] camera stages: capture=29.8 fps dq=0 us invalidate=0 us copy=0 us clean=0 us qbuf=0 us converted=60/60
[qpk] camera stages: capture=30.1 fps dq=333 us invalidate=0 us copy=0 us clean=166 us qbuf=0 us converted=60/60
[qpk] camera stages: capture=29.8 fps dq=0 us invalidate=0 us copy=0 us clean=0 us qbuf=0 us converted=60/60
[qpk] camera stages: capture=30.1 fps dq=0 us invalidate=0 us copy=0 us clean=0 us qbuf=0 us converted=60/60
[qpk] camera health: captured=1500 displayed=1500 dropped=0 heap_free=29329480 heap_largest=29253488 dqerr=0 qbuferr=0 panerr=0
[qpk] camera stages: capture=29.8 fps dq=0 us invalidate=0 us copy=0 us clean=0 us qbuf=0 us converted=60/60
[qpk] camera stages: capture=30.1 fps dq=0 us invalidate=0 us copy=0 us clean=0 us qbuf=0 us converted=60/60
[qpk] camera stages: capture=29.8 fps dq=0 us invalidate=0 us copy=0 us clean=0 us qbuf=0 us converted=60/60
[qpk] camera stages: capture=30.1 fps dq=0 us invalidate=0 us copy=0 us clean=0 us qbuf=0 us converted=60/60
[qpk] camera stages: capture=30.1 fps dq=0 us invalidate=0 us copy=0 us clean=0 us qbuf=0 us converted=60/60
[qpk] camera health: captured=1800 displayed=1800 dropped=0 heap_free=29329480 heap_largest=29253488 dqerr=0 qbuferr=0 panerr=0
[qpk] camera stages: capture=29.8 fps dq=0 us invalidate=0 us copy=0 us clean=0 us qbuf=0 us converted=60/60
nsh> 
nsh> [qpk] camera stages: capture=30.1 fps dq=0 us invalidate=0 us copy=0 us clean=0 us qbuf=0 us converted=60/60
xd 0x4ff0884c 8
Hex dump:
0000: c2 10 00 00 00 00 00 00                         ........
nsh> 
nsh> [qpk] camera stages: capture=29.8 fps dq=0 us invalidate=0 us copy=0 us clean=0 us qbuf=0 us converted=60/60
sleep 60
[qpk] camera stages: capture=30.1 fps dq=0 us invalidate=0 us copy=0 us clean=0 us qbuf=0 us converted=60/60
[qpk] camera stages: capture=29.8 fps dq=0 us invalidate=0 us copy=0 us clean=0 us qbuf=0 us converted=60/60
[qpk] camera health: captured=2100 displayed=2100 dropped=0 heap_free=29329480 heap_largest=29253488 dqerr=0 qbuferr=0 panerr=0
[qpk] camera stages: capture=30.1 fps dq=0 us invalidate=0 us copy=0 us clean=0 us qbuf=0 us converted=60/60
[qpk] camera stages: capture=29.8 fps dq=0 us invalidate=0 us copy=0 us clean=0 us qbuf=0 us converted=60/60
[qpk] camera stages: capture=30.1 fps dq=0 us invalidate=0 us copy=0 us clean=0 us qbuf=0 us converted=60/60
[qpk] camera stages: capture=30.0 fps dq=0 us invalidate=0 us copy=0 us clean=0 us qbuf=0 us converted=60/60
[qpk] camera stages: capture=30.0 fps dq=0 us invalidate=0 us copy=0 us clean=0 us qbuf=0 us converted=60/60
[qpk] camera health: captured=2400 displayed=2400 dropped=0 heap_free=29329480 heap_largest=29253488 dqerr=0 qbuferr=0 panerr=0
[qpk] camera stages: capture=29.8 fps dq=0 us invalidate=0 us copy=0 us clean=0 us qbuf=0 us converted=60/60
[qpk] camera stages: capture=30.1 fps dq=0 us invalidate=0 us copy=0 us clean=0 us qbuf=0 us converted=60/60
[qpk] camera stages: capture=29.8 fps dq=0 us invalidate=0 us copy=0 us clean=0 us qbuf=0 us converted=60/60
[qpk] camera stages: capture=30.1 fps dq=0 us invalidate=0 us copy=0 us clean=0 us qbuf=0 us converted=60/60
[qpk] camera stages: capture=29.8 fps dq=0 us invalidate=0 us copy=0 us clean=0 us qbuf=0 us converted=60/60
[qpk] camera health: captured=2700 displayed=2700 dropped=0 heap_free=29329480 heap_largest=29253488 dqerr=0 qbuferr=0 panerr=0
[qpk] camera stages: capture=30.1 fps dq=0 us invalidate=0 us copy=0 us clean=0 us qbuf=0 us converted=60/60
[qpk] camera stages: capture=29.8 fps dq=0 us invalidate=0 us copy=0 us clean=0 us qbuf=0 us converted=60/60
[qpk] camera stages: capture=30.1 fps dq=0 us invalidate=0 us copy=0 us clean=0 us qbuf=0 us converted=60/60
[qpk] camera stages: capture=29.8 fps dq=0 us invalidate=0 us copy=0 us clean=0 us qbuf=0 us converted=60/60
[qpk] camera stages: capture=30.1 fps dq=0 us invalidate=0 us copy=0 us clean=0 us qbuf=0 us converted=60/60
[qpk] camera health: captured=3000 displayed=3000 dropped=0 heap_free=29329480 heap_largest=29253488 dqerr=0 qbuferr=0 panerr=0
[qpk] camera stages: capture=29.8 fps dq=0 us invalidate=0 us copy=0 us clean=0 us qbuf=0 us converted=60/60
[qpk] camera stages: capture=30.1 fps dq=0 us invalidate=0 us copy=0 us clean=0 us qbuf=0 us converted=60/60
[qpk] camera stages: capture=29.8 fps dq=0 us invalidate=0 us copy=0 us clean=0 us qbuf=0 us converted=60/60
[qpk] camera stages: capture=30.1 fps dq=0 us invalidate=0 us copy=0 us clean=0 us qbuf=0 us converted=60/60
[qpk] camera stages: capture=29.8 fps dq=0 us invalidate=0 us copy=0 us clean=0 us qbuf=0 us converted=60/60
[qpk] camera health: captured=3300 displayed=3300 dropped=0 heap_free=29329480 heap_largest=29253488 dqerr=0 qbuferr=0 panerr=0
[qpk] camera stages: capture=30.1 fps dq=0 us invalidate=0 us copy=0 us clean=0 us qbuf=0 us converted=60/60
[qpk] camera stages: capture=29.8 fps dq=0 us invalidate=0 us copy=0 us clean=0 us qbuf=0 us converted=60/60
[qpk] camera stages: capture=30.1 fps dq=0 us invalidate=0 us copy=0 us clean=0 us qbuf=0 us converted=60/60
[qpk] camera stages: capture=30.1 fps dq=0 us invalidate=0 us copy=0 us clean=0 us qbuf=0 us converted=60/60
[qpk] camera stages: capture=29.8 fps dq=0 us invalidate=0 us copy=0 us clean=0 us qbuf=0 us converted=60/60
[qpk] camera health: captured=3600 displayed=3600 dropped=0 heap_free=29329480 heap_largest=29253488 dqerr=0 qbuferr=0 panerr=0
[qpk] camera stages: capture=30.1 fps dq=0 us invalidate=0 us copy=0 us clean=0 us qbuf=0 us converted=60/60
[qpk] camera stages: capture=29.8 fps dq=0 us invalidate=0 us copy=0 us clean=0 us qbuf=0 us converted=60/60
[qpk] camera stages: capture=30.0 fps dq=0 us invalidate=0 us copy=0 us clean=0 us qbuf=0 us converted=60/60
nsh> 
nsh> xd 0x4ff0884c 8
Hex dump:
0000: 4c 1e 00 00 00 00 00 00                         L.......
nsh> 
nsh> [qpk] camera stages: capture=30.0 fps dq=0 us invalidate=0 us copy=0 us clean=0 us qbuf=0 us converted=60/60
desktop camera-stop
desktop: camera diagnostic stop requested
nsh> 
nsh> desktop: stopping camera diagnostic
xd 0x4ff0884c 8
Hex dump:
0000: 69 1f 00 00 00 00 00 00                         i.......
nsh> 
nsh> free
      total       used       free    maxused    maxfree  nused  nfree name
     131064      85064      46000      88384      44208    135     23 Kmem
   33779544    3792256   30024856    4520600   29867904   1005     11 Umem
nsh> 
nsh> 
