ESP-ROM:esp32p4-eco2-20240710
Build:Jul 10 2024
rst:0x1 (POWERON),boot:0x10f (SPI_FAST_FLASH_BOOT)
SPI mode:DIO, clock div:1
load:0x30100000,len:0x2c
load:0x3010002c,len:0x3c
load:0x4ff00000,len:0x449c
load:0x4ff04500,len:0x1600
SHA-256 comparison failed:
Calculated: 0305e6b7a3e6c21e2e60e9cab8a6f18bc74a82233dc285caafd348023dd8b94d
Expected: 00000000d0840000000000000000000000000000000000000000000000000000
Attempting to boot anyway...
entry 0x4ff03fd4
V1: watchdogs disabled
B0
B1
B2
B3
tcm: lma 0x00002020 vma 0x30100000 len 0x2c     (44)
tcm: lma 0x00002054 vma 0x3010002c len 0x3c     (60)
dram: lma 0x00002098 vma 0x4ff00000 len 0x449c   (17564)
dram: lma 0x0000653c vma 0x4ff04500 len 0x1600   (5632)
padd: lma 0x00007b48 vma 0x00000000 len 0x84d0   (34000)
imap: lma 0x00010020 vma 0x400b0020 len 0x219b4c (2202444)
padd: lma 0x00229b74 vma 0x00000000 len 0x6484   (25732)
imap: lma 0x00230000 vma 0x40000000 len 0xaa758  (698200)
total segments stored 8
pmu_pvt(warn): blk_version is less than 2, pvt auto dbias init not supported in efuse.pmu_pvt(dbg): blk_version is less than 2, pvt function not supported in efuse.V1: MMU map init
V1: MMU map ready
V1: PSRAM LDO
V1: PSRAM chip init
I (46) hex_psram: vendor id    : 0x0d (AP)
I (49) hex_psram: Latency      : 0x01 (Fixed)
I (53) hex_psram: DriveStr.    : 0x00 (25 Ohm)
I (57) hex_psram: dev id       : 0x03 (generation 4)
I (62) hex_psram: density      : 0x07 (256 Mbit)
I (66) hex_psram: good-die     : 0x06 (Pass)
I (70) hex_psram: SRF          : 0x02 (Slow Refresh)
I (75) hex_psram: BurstType    : 0x00 ( Wrap)
I (79) hex_psram: BurstLen     : 0x03 (2048 Byte)
I (84) hex_psram: BitMode      : 0x01 (X16 Mode)
I (88) hex_psram: Readlatency  : 0x02 (10 cycles@Fixed)
I (93) hex_psram: DriveStrength: 0x00 (1/1)
I (97) MSPI Timing: Enter psram timing tuning
I (273) esp_psram: Found 32MB PSRAM device
I (273) esp_psram: SpeedWARNING: NuttX supports ESP32-P4 chip revision > v3.0 (chip revision is v1.0).
Ignoring this error and continuing because `CONFIG_ESP32P4_SELECTS_REV_LESS_V3` is set...
THIS MAY NOT WORK! DON'T USE THIS CHIP IN PRODUCTION!
ABCDI (289) cpu_start: Pro cpu start user code
I (292) cpu_start: cpu freq: 90000000 Hz
I (295) esp_psram: Adding pool of 32768K of PSRAM memory to heap allocator
SC2336: stream register=0x01
Camera: first frame OK, 614400 bytes, range=0..35, fnv1a=0x11034bf3
Camera: SC2336 1024x600 BGGR8 registered at /dev/video0

NuttShell (NSH)
nsh> [Kls /dev/video0
 /dev/video0
nsh> [K
