desktop ui ha
[qpk] started 米家 HA (com.openvela.homeassistant 0.7.0) with QuickJS
desktop: ui ha ready
nsh>
desktop ui audit
UI_LAYOUT_BEGIN
[{"id":1,"parent":0,"type":"container","x":0,"y":0,"w":1024,"h":600,"scroll":false,"text":""},
{"id":2,"parent":1,"type":"button","x":13,"y":11,"w":52,"h":42,"scroll":false,"text":""},
{"id":3,"parent":2,"type":"label","x":32,"y":19,"w":15,"h":27,"scroll":true,"text":""},
{"id":4,"parent":1,"type":"label","x":79,"y":16,"w":102,"h":39,"scroll":true,"text":"米家 HA"},
{"id":5,"parent":1,"type":"container","x":1,"y":63,"w":1022,"h":536,"scroll":false,"text":""},
{"id":6,"parent":5,"type":"container","x":1,"y":63,"w":1022,"h":56,"scroll":false,"text":""},
{"id":7,"parent":5,"type":"container","x":1,"y":119,"w":158,"h":480,"scroll":false,"text":""},
{"id":8,"parent":5,"type":"container","x":171,"y":151,"w":840,"h":434,"scroll":false,"text":""},
{"id":9,"parent":5,"type":"button","x":193,"y":295,"w":393,"h":36,"scroll":false,"text":""},
{"id":10,"parent":9,"type":"label","x":213,"y":302,"w":353,"h":22,"scroll":true,"text":"服务端"},
{"id":11,"parent":5,"type":"button","x":596,"y":295,"w":393,"h":36,"scroll":false,"text":""},
{"id":12,"parent":11,"type":"label","x":616,"y":302,"w":353,"h":22,"scroll":true,"text":"访问令牌"},
{"id":13,"parent":5,"type":"button","x":193,"y":341,"w":393,"h":36,"scroll":false,"text":""},
{"id":14,"parent":13,"type":"label","x":213,"y":348,"w":353,"h":22,"scroll":true,"text":"允许 HTTP"},
{"id":15,"parent":5,"type":"button","x":596,"y":341,"w":393,"h":36,"scroll":false,"text":""},
{"id":16,"parent":15,"type":"label","x":616,"y":348,"w":353,"h":22,"scroll":true,"text":"仅关注"},
{"id":17,"parent":5,"type":"button","x":193,"y":387,"w":393,"h":36,"scroll":false,"text":""},
{"id":18,"parent":17,"type":"label","x":213,"y":394,"w":353,"h":22,"scroll":true,"text":"添加关注"},
{"id":19,"parent":5,"type":"button","x":596,"y":387,"w":393,"h":36,"scroll":false,"text":""},
{"id":20,"parent":19,"type":"label","x":616,"y":394,"w":353,"h":22,"scroll":true,"text":"连接家庭"},
{"id":21,"parent":5,"type":"button","x":193,"y":433,"w":393,"h":36,"scroll":false,"text":""},
{"id":22,"parent":21,"type":"label","x":213,"y":440,"w":353,"h":22,"scroll":true,"text":"断开"},
{"id":23,"parent":5,"type":"label","x":17,"y":77,"w":26,"h":28,"scroll":true,"text":""},
{"id":24,"parent":5,"type":"label","x":49,"y":76,"w":106,"h":30,"scroll":true,"text":"米家"},
{"id":25,"parent":5,"type":"label","x":171,"y":79,"w":128,"h":26,"scroll":true,"text":"连接设置"},
{"id":26,"parent":5,"type":"label","x":309,"y":82,"w":570,"h":22,"scroll":true,"text":"未连接"},
{"id":27,"parent":5,"type":"label","x":17,"y":135,"w":134,"h":26,"scroll":true,"text":"我的家"},
{"id":28,"parent":5,"type":"label","x":17,"y":163,"w":134,"h":18,"scroll":true,"text":"HOME ASSISTANT"},
{"id":29,"parent":5,"type":"label","x":193,"y":167,"w":796,"h":28,"scroll":true,"text":"Home Assistant 连接"},
{"id":30,"parent":5,"type":"label","x":193,"y":205,"w":796,"h":24,"scroll":true,"text":"家庭中枢  ·  http://homeassistant.local:8123"},
{"id":31,"parent":5,"type":"label","x":193,"y":234,"w":796,"h":22,"scroll":true,"text":"令牌：未输入"},
{"id":32,"parent":5,"type":"label","x":193,"y":261,"w":796,"h":22,"scroll":true,"text":"连接前需要确认本地 HTTP 风险"}
]
UI_LAYOUT_END
nsh>