Open On-Chip Debugger v0.12.0-esp32-20250707 (2025-07-06-17:44)
Licensed under GNU GPL v2
For bug reports, read
	http://openocd.org/doc/doxygen/bugs.html
Info : esp_usb_jtag: VID set to 0x303a and PID to 0x1001
Info : esp_usb_jtag: capabilities descriptor set to 0x2000
DEPRECATED! use 'gdb memory_map', not 'gdb_memory_map'
DEPRECATED! use 'gdb flash_program', not 'gdb_flash_program'
Info : esp_usb_jtag: serial (E8:F6:0A:E3:A9:5F)
Info : esp_usb_jtag: Device found. Base speed 24000KHz, div range 1 to 255
Info : clock speed 6000 kHz
Info : JTAG tap: esp32p4.tap0 tap/device found: 0x00012c25 (mfg: 0x612 (Espressif Systems), part: 0x0012, ver: 0x0)
Info : JTAG tap: esp32p4.tap1 tap/device found: 0x00012c25 (mfg: 0x612 (Espressif Systems), part: 0x0012, ver: 0x0)
Info : [esp32p4.hp.cpu0] datacount=1 progbufsize=2
Info : [esp32p4.hp.cpu0] Core 0 made part of halt group 1.
Info : [esp32p4.hp.cpu0] Examined RISC-V core; found 2 harts
Info : [esp32p4.hp.cpu0]  XLEN=32, misa=0x40903127
Info : [esp32p4.hp.cpu0] Examination succeed
Info : [esp32p4.hp.cpu1] datacount=1 progbufsize=2
Info : [esp32p4.hp.cpu1] Core 1 made part of halt group 1.
Info : [esp32p4.hp.cpu1] Examined RISC-V core; found 2 harts
Info : [esp32p4.hp.cpu1]  XLEN=32, misa=0x40903127
Info : [esp32p4.hp.cpu1] Examination succeed
Info : [esp32p4.hp.cpu0] gdb port disabled
Info : [esp32p4.hp.cpu1] gdb port disabled
Info : Listening on port 6666 for tcl connections
Info : telnet server disabled
Info : accepting 'tcl' connection on tcp/6666
Info : [esp32p4.hp.cpu0] Target halted, PC=0x4FF42BA0, debug_reason=00000000
Info : [esp32p4.hp.cpu1] Target halted, PC=0x4FF42BA0, debug_reason=00000000
0x4845f8e8
0x14880
dumped 84096 bytes in 2.991098s (27.456 KiB/s)
Info : [esp32p4.hp.cpu0] Found 3 triggers
Info : [esp32p4.hp.cpu0] Target halted, PC=0x4FF42BA2, debug_reason=00000004
Info : [esp32p4.hp.cpu1] Found 3 triggers
Info : [esp32p4.hp.cpu1] Target halted, PC=0x4FF42BA2, debug_reason=00000004
Info : dropped 'tcl' connection
Info : accepting 'tcl' connection on tcp/6666
shutdown command invoked
